Microchip MPLAB XC8 Compiler V2.41

Linker command line:

-W-3 \
  --edf=C:/Program Files/Microchip/MPLABX/v6.15/packs/Microchip/PIC18Fxxxx_DFP/1.4.151/xc8\pic\dat\20230323171731_en.msgs \
  -cn \
  -h+dist/default/production\Trabalho1GabrielVasconcelos.X.production.sym \
  --cmf=dist/default/production\Trabalho1GabrielVasconcelos.X.production.cmf \
  -z -Q18F4520 \
  -oC:\Users\GABRIE~1\AppData\Local\Temp\xcAs664.\driver_tmp_3.o \
  --defsym=__MPLAB_BUILD=1 --fixupoverflow=error \
  -Mdist/default/production/Trabalho1GabrielVasconcelos.X.production.map \
  --md=C:\Users\GABRIE~1\AppData\Local\Temp\xcAs664.\driver_tmp_0.dat -E1 \
  -ver=XC8 Compiler --acfsm=1493 -ACODE=00h-07FFFh -ACONST=00h-07FFFh \
  -ASMALLCONST=0600h-06FFhx122 -AMEDIUMCONST=0600h-07FFFh -ACOMRAM=01h-07Fh \
  -AABS1=00h-05FFh -ABIGRAM=01h-05FFh -ARAM=080h-0FFh,0100h-01FFhx5 \
  -ABANK0=080h-0FFh -ABANK1=0100h-01FFh -ABANK2=0200h-02FFh \
  -ABANK3=0300h-03FFh -ABANK4=0400h-04FFh -ABANK5=0500h-05FFh \
  -ASFR=0F80h-0FFFh -ABIGSFR=0F80h-0FFFh -ACONFIG=0300000h-030000Dh \
  -AIDLOC=0200000h-0200007h -AEEDATA=0F00000h-0F000FFh -peeprom_data=EEDATA \
  -preset_vec=00h,intcode,intcodelo,powerup,init -pramtop=0600h \
  -psmallconst=SMALLCONST -pmediumconst=MEDIUMCONST -pconst=CONST \
  -AFARRAM=00h-00h \
  -prdata=COMRAM,nvrram=COMRAM,nvbit=COMRAM,rbss=COMRAM,rbit=COMRAM \
  -pfarbss=FARRAM,fardata=FARRAM,nvFARRAM=FARRAM \
  -pintsave_regs=BIGRAM,bigbss=BIGRAM,bigdata=BIGRAM -pbss=RAM \
  -pidata=CODE,irdata=CODE,ibigdata=CODE,ifardata=CODE -prparam=COMRAM \
  C:\Users\GABRIE~1\AppData\Local\Temp\xcAs664.\driver_tmp_9.o \
  dist/default/production\Trabalho1GabrielVasconcelos.X.production.o 

Object code version is 3.11

Machine type is 18F4520



                Name                               Link     Load   Length Selector   Space Scale
C:\Users\GABRIE~1\AppData\Local\Temp\xcAs664.\driver_tmp_9.o
                config                           300000   300000        E        0       4
                init                                  0        0        4        0       0
dist/default/production\Trabalho1GabrielVasconcelos.X.production.o
                config                           300000   300000        E        0       4
                text7                              7BA2     7BA2       16     3DD1       0
                text6                              7C76     7C76      38A     3E3B       0
                text5                              7BD2     7BD2       30     3DE9       0
                text4                              7C34     7C34       42     3E1A       0
                text3                              7BB8     7BB8       1A     3DDC       0
                text2                              7B66     7B66        6     3DB3       0
                text1                              7B8E     7B8E       14     3DC7       0
                text0                              7B6C     7B6C       10     3DB6       0
                cstackCOMRAM                         17       17        4        1       1
                dataCOMRAM                            1        1       12        1       1
                bssCOMRAM                            13       13        4        1       1
                cinit                              7C02     7C02       32     3E01       0
                nvCOMRAM                             1B       1B        1        1       1
                idataCOMRAM                        7B7C     7B7C       12     7B7C       0

TOTAL           Name                               Link     Load   Length     Space
        CLASS   CODE           
                init                                  0        0        4         0
                text7                              7BA2     7BA2       16         0
                text6                              7C76     7C76      38A         0
                text5                              7BD2     7BD2       30         0
                text4                              7C34     7C34       42         0
                text3                              7BB8     7BB8       1A         0
                text2                              7B66     7B66        6         0
                text1                              7B8E     7B8E       14         0
                text0                              7B6C     7B6C       10         0
                cinit                              7C02     7C02       32         0
                idataCOMRAM                        7B7C     7B7C       12         0

        CLASS   CONST          

        CLASS   SMALLCONST     

        CLASS   MEDIUMCONST    

        CLASS   COMRAM         
                cstackCOMRAM                         17       17        4         1
                dataCOMRAM                            1        1       12         1
                bssCOMRAM                            13       13        4         1
                nvCOMRAM                             1B       1B        1         1

        CLASS   ABS1           

        CLASS   BIGRAM         

        CLASS   RAM            

        CLASS   BANK0          

        CLASS   BANK1          

        CLASS   BANK2          

        CLASS   BANK3          

        CLASS   BANK4          

        CLASS   BANK5          

        CLASS   SFR            

        CLASS   BIGSFR         

        CLASS   CONFIG         
                config                           300000   300000        E         4

        CLASS   IDLOC          

        CLASS   EEDATA         

        CLASS   FARRAM         

        CLASS   HEAP           

        CLASS   STACK          



SEGMENTS        Name                           Load    Length   Top    Selector   Space  Class

                reset_vec                      000000  000004  000004         0       0  CODE    
                dataCOMRAM                     000001  00001B  00001C         1       1  COMRAM  
                text2                          007B66  000006  007B6C      3DB3       0  CODE    
                text0                          007B6C  000010  007B7C      3DB6       0  CODE    
                idataCOMRAM                    007B7C  000012  007B8E      7B7C       0  CODE    
                text1                          007B8E  000014  007BA2      3DC7       0  CODE    
                text7                          007BA2  000016  007BB8      3DD1       0  CODE    
                text3                          007BB8  00001A  007BD2      3DDC       0  CODE    
                text5                          007BD2  000030  007C02      3DE9       0  CODE    
                cinit                          007C02  000032  007C34      3E01       0  CODE    
                text4                          007C34  000042  007C76      3E1A       0  CODE    
                text6                          007C76  00038A  008000      3E3B       0  CODE    


UNUSED ADDRESS RANGES

        Name                Unused          Largest block    Delta
        BANK0            000080-0000FF               80
        BANK1            000100-0001FF              100
        BANK2            000200-0002FF              100
        BANK3            000300-0003FF              100
        BANK4            000400-0004FF              100
        BANK5            000500-0005FF              100
        BIGRAM           00001C-0005FF              5E4
        BIGSFR           000F80-000FFF               80
        CODE             000004-007B65             7B62
        COMRAM           00001C-00007F               64
        CONST            000004-007B65             7B62
        EEDATA           F00000-F000FF              100
        IDLOC            200000-200007                8
        MEDIUMCONST      000600-007B65             7566
        RAM              000080-0005FF              100
        SFR              000F80-000FFF               80
        SMALLCONST       000600-007B65              100

                                  Symbol Table

_ADCON1                  (abs)        000FC1
_LATA2                   (abs)        007C4A
_LATA3                   (abs)        007C4B
_LATD                    (abs)        000F8C
_PORTB                   (abs)        000F81
_TRISA                   (abs)        000F92
_TRISB                   (abs)        000F93
_TRISD                   (abs)        000F95
__HRAM                   (abs)        000000
__H__absolute__          __absolute__ 000000
__Habs1                  abs1         000000
__Hbank0                 bank0        000000
__Hbank1                 bank1        000000
__Hbank2                 bank2        000000
__Hbank3                 bank3        000000
__Hbank4                 bank4        000000
__Hbank5                 bank5        000000
__Hbigbss                bigbss       000000
__Hbigdata               bigdata      000000
__Hbigram                bigram       000000
__Hbigsfr                bigsfr       000000
__Hbss                   bss          000000
__HbssCOMRAM             bssCOMRAM    000000
__Hcinit                 cinit        000000
__Hclrtext               clrtext      000000
__Hcomram                comram       000000
__Hconfig                config       30000E
__Hconst                 const        000000
__HcstackCOMRAM          cstackCOMRAM 000000
__Hdata                  data         000000
__HdataCOMRAM            dataCOMRAM   000000
__Heeprom_data           eeprom_data  000000
__Hfarbss                farbss       000000
__Hfardata               fardata      000000
__Hheap                  heap         000000
__Hibigdata              ibigdata     000000
__Hidata                 idata        000000
__HidataCOMRAM           idataCOMRAM  000000
__Hidloc                 idloc        000000
__Hifardata              ifardata     000000
__Hinit                  init         000004
__Hintcode               intcode      000000
__Hintcode_body          intcode_body 000000
__Hintcodelo             intcodelo    000000
__Hintentry              intentry     000000
__Hintret                intret       000000
__Hintsave_regs          intsave_regs 000000
__Hirdata                irdata       000000
__Hmediumconst           mediumconst  000000
__HnvCOMRAM              nvCOMRAM     000000
__HnvFARRAM              nvFARRAM     000000
__Hnvbit                 nvbit        000000
__Hnvrram                nvrram       000000
__Hparam                 rparam       000000
__Hpowerup               powerup      000000
__Hram                   ram          000000
__Hramtop                ramtop       000600
__Hrbit                  rbit         000000
__Hrbss                  rbss         000000
__Hrdata                 rdata        000000
__Hreset_vec             reset_vec    000000
__Hrparam                rparam       000000
__Hsfr                   sfr          000000
__Hsmallconst            smallconst   000000
__Hspace_0               (abs)        008000
__Hspace_1               (abs)        00001C
__Hspace_2               (abs)        000000
__Hspace_4               (abs)        60000E
__Hstack                 stack        000000
__Hstruct                struct       000000
__Htemp                  temp         000000
__Htext                  text         000000
__Htext0                 text0        000000
__Htext1                 text1        000000
__Htext2                 text2        000000
__Htext3                 text3        000000
__Htext4                 text4        000000
__Htext5                 text5        000000
__Htext6                 text6        000000
__Htext7                 text7        000000
__LRAM                   (abs)        000001
__L__absolute__          __absolute__ 000000
__Labs1                  abs1         000000
__Lbank0                 bank0        000000
__Lbank1                 bank1        000000
__Lbank2                 bank2        000000
__Lbank3                 bank3        000000
__Lbank4                 bank4        000000
__Lbank5                 bank5        000000
__Lbigbss                bigbss       000000
__Lbigdata               bigdata      000000
__Lbigram                bigram       000000
__Lbigsfr                bigsfr       000000
__Lbss                   bss          000000
__LbssCOMRAM             bssCOMRAM    000000
__Lcinit                 cinit        000000
__Lclrtext               clrtext      000000
__Lcomram                comram       000000
__Lconfig                config       000000
__Lconst                 const        000000
__LcstackCOMRAM          cstackCOMRAM 000000
__Ldata                  data         000000
__LdataCOMRAM            dataCOMRAM   000000
__Leeprom_data           eeprom_data  000000
__Lfarbss                farbss       000000
__Lfardata               fardata      000000
__Lheap                  heap         000000
__Libigdata              ibigdata     000000
__Lidata                 idata        000000
__LidataCOMRAM           idataCOMRAM  000000
__Lidloc                 idloc        000000
__Lifardata              ifardata     000000
__Linit                  init         000000
__Lintcode               intcode      000000
__Lintcode_body          intcode_body 000000
__Lintcodelo             intcodelo    000000
__Lintentry              intentry     000000
__Lintret                intret       000000
__Lintsave_regs          intsave_regs 000000
__Lirdata                irdata       000000
__Lmediumconst           mediumconst  000000
__LnvCOMRAM              nvCOMRAM     000000
__LnvFARRAM              nvFARRAM     000000
__Lnvbit                 nvbit        000000
__Lnvrram                nvrram       000000
__Lparam                 rparam       000000
__Lpowerup               powerup      000000
__Lram                   ram          000000
__Lramtop                ramtop       000600
__Lrbit                  rbit         000000
__Lrbss                  rbss         000000
__Lrdata                 rdata        000000
__Lreset_vec             reset_vec    000000
__Lrparam                rparam       000000
__Lsfr                   sfr          000000
__Lsmallconst            smallconst   000000
__Lspace_0               (abs)        000000
__Lspace_1               (abs)        000000
__Lspace_2               (abs)        000000
__Lspace_4               (abs)        000000
__Lstack                 stack        000000
__Lstruct                struct       000000
__Ltemp                  temp         000000
__Ltext                  text         000000
__Ltext0                 text0        000000
__Ltext1                 text1        000000
__Ltext2                 text2        000000
__Ltext3                 text3        000000
__Ltext4                 text4        000000
__Ltext5                 text5        000000
__Ltext6                 text6        000000
__Ltext7                 text7        000000
__S0                     (abs)        008000
__S1                     (abs)        00001C
__S4                     (abs)        000000
__S5                     (abs)        000000
___heap_hi               (abs)        000000
___heap_lo               (abs)        000000
___inthi_sp              stack        000000
___intlo_sp              stack        000000
___param_bank            (abs)        000000
___rparam_used           (abs)        000001
___sp                    stack        000000
__accesstop              (abs)        000080
__activetblptr           (abs)        000002
__end_of__initialization cinit        007C2A
__end_of_atraso          text5        007C02
__end_of_entrada         text7        007BB8
__end_of_loop            text3        007BD2
__end_of_main            text0        007B7C
__end_of_processamento   text6        008000
__end_of_saida           text4        007C76
__end_of_setup           text2        007B6C
__end_of_setup_hard      text1        007BA2
__initialization         cinit        007C02
__mediumconst            mediumconst  000000
__pbssCOMRAM             bssCOMRAM    000013
__pcinit                 cinit        007C02
__pcstackCOMRAM          cstackCOMRAM 000017
__pdataCOMRAM            dataCOMRAM   000001
__pidataCOMRAM           idataCOMRAM  007B7C
__pnvCOMRAM              nvCOMRAM     00001B
__ptext0                 text0        007B6C
__ptext1                 text1        007B8E
__ptext2                 text2        007B66
__ptext3                 text3        007BB8
__ptext4                 text4        007C34
__ptext5                 text5        007BD2
__ptext6                 text6        007C76
__ptext7                 text7        007BA2
__ramtop                 ramtop       000600
__smallconst             smallconst   000000
_atraso                  text5        007BD2
_borda_d                 nvCOMRAM     00001B
_cont1                   bssCOMRAM    000016
_cont2                   bssCOMRAM    000015
_conv7seg                dataCOMRAM   000001
_entrada                 text7        007BA2
_loop                    text3        007BB8
_main                    text0        007B6C
_numero                  bssCOMRAM    000013
_processamento           text6        007C76
_saida                   text4        007C34
_setup                   text2        007B66
_setup_hard              text1        007B8E
atraso@contador          cstackCOMRAM 000019
atraso@tempo             cstackCOMRAM 000017
end_of_initialization    cinit        007C2A
entrada@ent_ant          dataCOMRAM   000012
entrada@ent_atual        cstackCOMRAM 000018
entrada@ent_int          cstackCOMRAM 000017
intlevel0                text         000000
intlevel1                text         000000
intlevel2                text         000000
intlevel3                text         000000
isa$std                  (abs)        000001
isa$xinst                (abs)        000000
stackhi                  (abs)        000000
stacklo                  (abs)        000000
start                    init         000000
start_initialization     cinit        007C02


MODULE INFORMATION

Module		Function		Class		Link	Load	Size
Trabalho1GabrielVasconcelos.c
		_loop          		CODE           	7BB8	0000	26
		_setup_hard    		CODE           	7B8E	0000	20
		_entrada       		CODE           	7BA2	0000	22
		_saida         		CODE           	7C34	0000	66
		_processamento 		CODE           	7C76	0000	906
		_main          		CODE           	7B6C	0000	16
		_setup         		CODE           	7B66	0000	6
		_atraso        		CODE           	7BD2	0000	48

Trabalho1GabrielVasconcelos.c estimated size: 1110

shared
		__initialization		CODE           	7C02	0000	40

shared estimated size: 40

